// Jest Snapshot v1, https://goo.gl/fbAQLP

exports[`Table V2 @ Toolbar/ButtonUpload spec renders the component 1`] = `
<DocumentFragment>
  <div
    class="relative mh2"
    data-testid="testId__upload__container"
    id="vtex-table-v2__toolbar__button-upload__container"
  >
    <button
      class="vtex-button bw1 ba fw5 v-mid relative pa0 lh-solid br2 min-h-small t-action--small bg-transparent b--transparent c-action-primary hover-b--transparent hover-bg-action-secondary hover-b--action-secondary pointer "
      data-testid="testId__upload"
      tabindex="0"
      type="button"
    >
      <div
        class="vtex-button__label flex items-center justify-center h-100 ph5 "
        style="padding-top: .25em; padding-bottom: .32em;"
      >
        <span
          class="flex items-center nr1"
        >
          <div
            class="mr2 nl2 flex items-center"
          >
            <span
              class="c-on-base"
              style="margin-top: 1.5px;"
            >
              <svg
                class="vtex__icon-upload  "
                fill="none"
                height="13"
                viewBox="0 0 14 16"
                width="11.375"
                xmlns="http://www.w3.org/2000/svg"
                xmlns:xlink="http://www.w3.org/1999/xlink"
              >
                <path
                  d="M5.4 3.4V12H7.4V3.4L11.4 7.4L12.8 6L7.1 0.3C6.7 -0.1 6.1 -0.1 5.7 0.3L2.38419e-08 6L1.4 7.4L5.4 3.4Z"
                  fill="currentColor"
                  transform="translate(0.599976)"
                />
                <path
                  d="M14 0H0V2H14V0Z"
                  fill="currentColor"
                  transform="translate(0 14)"
                />
              </svg>
            </span>
          </div>
          <div>
            <span
              class="c-on-base"
            >
              Upload
            </span>
          </div>
        </span>
      </div>
    </button>
  </div>
</DocumentFragment>
`;
